// Vitest Snapshot v1, https://vitest.dev/guide/snapshot.html

exports[`the rendered env component matches the snapshot 1`] = `"<body><div class="env-display"> <h3>Env Display</h3> <p class="site-name">PUBLIC_SITE_NAME: Fixture Site</p> <p class="max-items">PUBLIC_MAX_ITEMS: 10</p> <p class="secret-value">secretValue: undefined</p> </div></body>"`;
